
/home/runner/work/exp-formwork-for-foundation-iitd/exp-formwork-for-foundation-iitd/experiment/simulation/final_styling/fix_styling.js
  17:5  warning  '$' is not defined  no-undef
  81:7  warning  '$' is not defined  no-undef
  85:7  warning  '$' is not defined  no-undef
  86:7  warning  '$' is not defined  no-undef
  93:1  warning  '$' is not defined  no-undef

/home/runner/work/exp-formwork-for-foundation-iitd/exp-formwork-for-foundation-iitd/experiment/simulation/js/anime.min.js
  8:69    warning  'module' is not defined                                                    no-undef
  8:115   warning  'define' is not defined                                                    no-undef
  8:126   warning  'define' is not defined                                                    no-undef
  8:913   warning  Do not access Object.prototype method 'hasOwnProperty' from target object  no-prototype-builtins
  8:1477  warning  Do not access Object.prototype method 'hasOwnProperty' from target object  no-prototype-builtins
  8:1499  warning  Do not access Object.prototype method 'hasOwnProperty' from target object  no-prototype-builtins
  8:4944  warning  Do not access Object.prototype method 'hasOwnProperty' from target object  no-prototype-builtins
  8:5090  warning  Expected a conditional expression and instead saw an assignment            no-cond-assign
  8:6945  warning  Expected a conditional expression and instead saw an assignment            no-cond-assign

/home/runner/work/exp-formwork-for-foundation-iitd/exp-formwork-for-foundation-iitd/experiment/simulation/js/jquery.min.js
  2:71     warning  'module' is not defined                                                    no-undef
  2:86     warning  'module' is not defined                                                    no-undef
  2:3270   warning  Expected a conditional expression and instead saw an assignment            no-cond-assign
  2:4597   warning  Unexpected control character(s) in regular expression: \x1f                no-control-regex
  2:6820   warning  Expected a conditional expression and instead saw an assignment            no-cond-assign
  2:7258   warning  Expected a conditional expression and instead saw an assignment            no-cond-assign
  2:9646   warning  Expected a conditional expression and instead saw an assignment            no-cond-assign
  2:11943  warning  Expected a conditional expression and instead saw an assignment            no-cond-assign
  2:13856  warning  Expected a conditional expression and instead saw an assignment            no-cond-assign
  2:14066  warning  Expected a conditional expression and instead saw an assignment            no-cond-assign
  2:14224  warning  Expected a conditional expression and instead saw an assignment            no-cond-assign
  2:14540  warning  Do not access Object.prototype method 'hasOwnProperty' from target object  no-prototype-builtins
  2:15232  warning  Expected a conditional expression and instead saw an assignment            no-cond-assign
  2:15588  warning  Empty block statement                                                      no-empty
  2:17443  warning  Expected a conditional expression and instead saw an assignment            no-cond-assign
  2:17541  warning  Expected a conditional expression and instead saw an assignment            no-cond-assign
  2:17601  warning  Expected a conditional expression and instead saw an assignment            no-cond-assign
  2:17728  warning  Expected a conditional expression and instead saw an assignment            no-cond-assign
  2:18898  warning  Expected a conditional expression and instead saw an assignment            no-cond-assign
  2:19630  warning  Expected a conditional expression and instead saw an assignment            no-cond-assign
  2:19743  warning  Expected a conditional expression and instead saw an assignment            no-cond-assign
  2:21298  warning  Unnecessary escape character: \/                                           no-useless-escape
  2:31055  warning  Empty block statement                                                      no-empty
  2:34816  warning  Unnecessary escape character: \/                                           no-useless-escape
  2:36474  warning  Expected a conditional expression and instead saw an assignment            no-cond-assign
  2:36590  warning  Expected a conditional expression and instead saw an assignment            no-cond-assign
  2:43519  warning  Expected a conditional expression and instead saw an assignment            no-cond-assign
  2:47142  warning  Expected a conditional expression and instead saw an assignment            no-cond-assign
  2:48710  warning  Empty block statement                                                      no-empty
  2:57439  warning  Expected a conditional expression and instead saw an assignment            no-cond-assign
  2:58614  warning  Expected a conditional expression and instead saw an assignment            no-cond-assign
  2:64312  warning  Expected a conditional expression and instead saw an assignment            no-cond-assign
  2:67209  warning  Expected a conditional expression and instead saw an assignment            no-cond-assign
  2:68903  warning  Empty block statement                                                      no-empty
  2:72295  warning  Expected a conditional expression and instead saw an assignment            no-cond-assign
  2:73901  warning  Expected a conditional expression and instead saw an assignment            no-cond-assign
  2:74681  warning  'r.href' is assigned to itself                                             no-self-assign
  2:79557  warning  Empty block statement                                                      no-empty
  2:82697  warning  Expected a conditional expression and instead saw an assignment            no-cond-assign
  2:87218  warning  'define' is not defined                                                    no-undef
  2:87230  warning  'define' is not defined                                                    no-undef

/home/runner/work/exp-formwork-for-foundation-iitd/exp-formwork-for-foundation-iitd/experiment/simulation/js/layout.js
   9:10  warning  'nextDrawerItem' is defined but never used  no-unused-vars
  18:3   warning  'get' is not defined                        no-undef
  21:10  warning  'backDrawerItem' is defined but never used  no-unused-vars
  98:7   warning  'anime' is not defined                      no-undef

/home/runner/work/exp-formwork-for-foundation-iitd/exp-formwork-for-foundation-iitd/experiment/simulation/js/main.js
   171:7   warning  'ChartGraph' is assigned a value but never used     no-unused-vars
   175:6   warning  'Graph1' is not defined                             no-undef
   179:6   warning  'Graph2' is not defined                             no-undef
   183:6   warning  'Graph3' is not defined                             no-undef
   187:6   warning  'Graph4' is not defined                             no-undef
   203:23  warning  'Chart' is not defined                              no-undef
   237:5   warning  'isPerformNext' is assigned a value but never used  no-unused-vars
   283:7   warning  'opacity' is assigned a value but never used        no-unused-vars
   289:7   warning  'hideAll' is assigned a value but never used        no-unused-vars
   289:28  warning  'disp' is assigned a value but never used           no-unused-vars
   295:7   warning  'showAll' is assigned a value but never used        no-unused-vars
   295:28  warning  'disp' is assigned a value but never used           no-unused-vars
   302:7   warning  'set' is assigned a value but never used            no-unused-vars
   326:34  warning  'anime' is not defined                              no-undef
   336:29  warning  'speed' is assigned a value but never used          no-unused-vars
   350:15  warning  'Typed' is not defined                              no-undef
   352:22  warning  'anime' is not defined                              no-undef
   370:19  warning  'src' is not defined                                no-undef
   491:17  warning  'anime' is not defined                              no-undef
   645:10  warning  'cursorPointer' is defined but never used           no-unused-vars
   801:5   warning  Duplicate key 'foot_adapter1'                       no-dupe-keys
   802:5   warning  Duplicate key 'foot_adapter2'                       no-dupe-keys
   803:5   warning  Duplicate key 'foot_adapter3'                       no-dupe-keys
   814:10  warning  'i' is not defined                                  no-undef
   815:18  warning  'i' is not defined                                  no-undef
   817:10  warning  'i' is not defined                                  no-undef
   818:11  warning  'i' is not defined                                  no-undef
   818:28  warning  'i' is not defined                                  no-undef
   818:48  warning  'i' is not defined                                  no-undef
   821:25  warning  'i' is not defined                                  no-undef
   890:6   warning  'intro' is not defined                              no-undef
   924:18  warning  'anime' is not defined                              no-undef
   946:34  warning  'Typed' is not defined                              no-undef
   983:6   warning  'objective' is not defined                          no-undef
  1031:9   warning  'anime' is not defined                              no-undef
  1041:6   warning  'step1' is not defined                              no-undef
  1080:11  warning  'anime' is not defined                              no-undef
  1210:6   warning  'step2' is not defined                              no-undef
  1239:11  warning  'anime' is not defined                              no-undef
  1254:11  warning  'anime' is not defined                              no-undef
  1269:11  warning  'anime' is not defined                              no-undef
  1298:6   warning  'step3' is not defined                              no-undef
  1356:15  warning  'anime' is not defined                              no-undef
  1372:15  warning  'anime' is not defined                              no-undef
  1390:15  warning  'anime' is not defined                              no-undef
  1406:15  warning  'anime' is not defined                              no-undef
  1418:15  warning  'anime' is not defined                              no-undef
  1437:15  warning  'anime' is not defined                              no-undef
  1472:15  warning  'anime' is not defined                              no-undef
  1505:15  warning  'anime' is not defined                              no-undef
  1538:15  warning  'anime' is not defined                              no-undef
  1612:6   warning  'step4' is not defined                              no-undef
  1686:15  warning  'anime' is not defined                              no-undef
  1702:15  warning  'anime' is not defined                              no-undef
  1724:15  warning  'anime' is not defined                              no-undef
  1759:15  warning  'anime' is not defined                              no-undef
  1813:6   warning  'step5' is not defined                              no-undef
  1946:15  warning  'anime' is not defined                              no-undef
  1969:15  warning  'anime' is not defined                              no-undef
  1988:15  warning  'anime' is not defined                              no-undef
  2013:15  warning  'anime' is not defined                              no-undef
  2029:15  warning  'anime' is not defined                              no-undef
  2041:15  warning  'anime' is not defined                              no-undef
  2060:15  warning  'anime' is not defined                              no-undef
  2087:15  warning  'anime' is not defined                              no-undef
  2110:15  warning  'anime' is not defined                              no-undef
  2140:15  warning  'anime' is not defined                              no-undef
  2167:15  warning  'anime' is not defined                              no-undef
  2193:15  warning  'anime' is not defined                              no-undef
  2218:23  warning  'anime' is not defined                              no-undef
  2242:11  warning  'anime' is not defined                              no-undef
  2286:6   warning  'step6' is not defined                              no-undef
  2419:15  warning  'anime' is not defined                              no-undef
  2443:15  warning  'anime' is not defined                              no-undef
  2463:15  warning  'anime' is not defined                              no-undef
  2488:15  warning  'anime' is not defined                              no-undef
  2503:15  warning  'anime' is not defined                              no-undef
  2514:15  warning  'anime' is not defined                              no-undef
  2528:13  warning  'rotationCount' is assigned a value but never used  no-unused-vars
  2532:15  warning  'anime' is not defined                              no-undef
  2566:15  warning  'anime' is not defined                              no-undef
  2602:15  warning  'anime' is not defined                              no-undef
  2620:23  warning  'anime' is not defined                              no-undef
  2661:6   warning  'step7' is not defined                              no-undef
  2683:11  warning  'anime' is not defined                              no-undef
  2699:11  warning  'anime' is not defined                              no-undef
  2716:11  warning  'anime' is not defined                              no-undef
  2750:6   warning  'completed' is not defined                          no-undef
  2796:7   warning  'backDrawerItem' is not defined                     no-undef
  2797:7   warning  'backProgressBar' is not defined                    no-undef
  2812:9   warning  'nextDrawerItem' is not defined                     no-undef
  2813:9   warning  'nextProgressBar' is not defined                    no-undef
  2816:12  warning  Empty block statement                               no-empty

/home/runner/work/exp-formwork-for-foundation-iitd/exp-formwork-for-foundation-iitd/experiment/simulation/js/progressBar.js
   2:7  warning  'prevBtns' is assigned a value but never used         no-unused-vars
   3:7  warning  'nextBtns' is assigned a value but never used         no-unused-vars
  11:7  warning  'nextProgressBar' is assigned a value but never used  no-unused-vars
  18:7  warning  'backProgressBar' is assigned a value but never used  no-unused-vars

/home/runner/work/exp-formwork-for-foundation-iitd/exp-formwork-for-foundation-iitd/experiment/simulation/js/src.js
  115:7  warning  Duplicate key 'foot_adapter1'  no-dupe-keys
  116:7  warning  Duplicate key 'foot_adapter2'  no-dupe-keys
  117:7  warning  Duplicate key 'foot_adapter3'  no-dupe-keys

✖ 159 problems (0 errors, 159 warnings)

